// Jest Snapshot v1, https://goo.gl/fbAQLP

exports[`simpleFactoryReducer returns the initial state 1`] = `Immutable.Map {}`;

exports[`simpleFactoryReducer returns the state when DEFAULT_ACTION is passed 1`] = `Object {}`;
