// Jest Snapshot v1, https://goo.gl/fbAQLP

exports[`builderReducer returns the initial state 1`] = `Immutable.Map {}`;

exports[`builderReducer returns the state when DEFAULT_ACTION is passed 1`] = `Object {}`;
