// Jest Snapshot v1, https://goo.gl/fbAQLP

exports[`abstractFactoryReducer returns the initial state 1`] = `Immutable.Map {}`;

exports[`abstractFactoryReducer returns the state when DEFAULT_ACTION is passed 1`] = `Object {}`;
